Comparing SECRET KEYS:
auth.py SECRET_KEY: your-secret-key-keep-it-secret
crud.py SECRET_KEY: your-secret-key-keep-it-secret
Equal? True

Trying to decode with auth.py SECRET_KEY:
Decoded payload: {'sub': '34e46494-0ebe-4caa-bad6-a5251e83857e', 'exp': 1742506081}

Trying to decode with crud.py SECRET_KEY:
Decoded payload: {'sub': '34e46494-0ebe-4caa-bad6-a5251e83857e', 'exp': 1742506081}

Creating a new token with auth.py SECRET_KEY:
New token: eyJhbGciOiJIUzI1NiIsInR5cCI6IkpXVCJ9.eyJzdWIiOiIzNGU0NjQ5NC0wZWJlLTRjYWEtYmFkNi1hNTI1MWU4Mzg1N2UiLCJleHAiOjE3NDI1MDY1MjN9.Kpvb9ZDMADU2Q2av8WEIdQWOt1RCcy6mCxQYQPXDgRw

Verifying the new token with auth.py SECRET_KEY:
Decoded: {'sub': '34e46494-0ebe-4caa-bad6-a5251e83857e', 'exp': 1742506523}

Verifying the new token with crud.py SECRET_KEY:
Decoded: {'sub': '34e46494-0ebe-4caa-bad6-a5251e83857e', 'exp': 1742506523}
